[site.vrzcentral.online/inicio/proposta-aprovada.digital/quiz3b70.html]
[backblue.gif]
[fade.gif]
[index.html]
[site.vrzcentral.online/inicio/proposta-aprovada.digital/css/remixicon.min.css]
[connect.facebook.net/en_US/fbevents.js]
[site.vrzcentral.online/inicio/proposta-aprovada.digital/images/logo.png]
[cdn.utmify.com.br/scripts/utms/latest.js]
[site.vrzcentral.online/inicio/proposta-aprovada.digital/quiz3b70.html]
[cdn.utmify.com.br/scripts/pixel/pixel.js]
[site.vrzcentral.online/inicio/proposta-aprovada.digital/fonts/remixicon.woff2]
[site.vrzcentral.online/inicio/proposta-aprovada.digital/fonts/remixicon.eot]
[site.vrzcentral.online/inicio/proposta-aprovada.digital/fonts/remixicon.woff]
[site.vrzcentral.online/inicio/proposta-aprovada.digital/fonts/remixicon.ttf]
[site.vrzcentral.online/inicio/proposta-aprovada.digital/css/remixicon.min.css]
[site.vrzcentral.online/inicio/proposta-aprovada.digital/images/remixicon.svg]
[site.vrzcentral.online/inicio/proposta-aprovada.digital/a]
[site.vrzcentral.online/inicio/proposta-aprovada.digital/POST]
[site.vrzcentral.online/inicio/proposta-aprovada.digital/b.resolvedLink]
[site.vrzcentral.online/inicio/proposta-aprovada.digital/schema.org/index.html]
[site.vrzcentral.online/signals/iwl.js]
[connect.facebook.net/en_US/fbevents.js]
[site.vrzcentral.online/inicio/proposta-aprovada.digital/images/remixicon.svg]
[site.vrzcentral.online/inicio/proposta-aprovada.digital/a]
[site.vrzcentral.online/inicio/proposta-aprovada.digital/POST]
[site.vrzcentral.online/inicio/proposta-aprovada.digital/schema.org/index.html]
[site.vrzcentral.online/inicio/proposta-aprovada.digital/b.resolvedLink]
[site.vrzcentral.online/signals/iwl.js]
